// Jest Snapshot v1, https://goo.gl/fbAQLP

exports[`Placeholder Empty 1`] = `
Array [
  Object {
    "apiVersion": "v1",
    "kind": "Service",
    "metadata": Object {
      "name": "test-chart-penn-clubs-redis-service-redis-d9bf58c2",
    },
    "spec": Object {
      "ports": Array [
        Object {
          "port": 6379,
          "targetPort": 6379,
        },
      ],
      "selector": Object {
        "name": "penn-clubs-redis",
      },
      "type": "ClusterIP",
    },
  },
  Object {
    "apiVersion": "apps/v1",
    "kind": "Deployment",
    "metadata": Object {
      "name": "test-chart-penn-clubs-redis-deployment-redis-24f84422",
    },
    "spec": Object {
      "replicas": 1,
      "selector": Object {
        "matchLabels": Object {
          "name": "penn-clubs-redis",
        },
      },
      "strategy": Object {
        "rollingUpdate": Object {
          "maxSurge": 3,
          "maxUnavailable": 0,
        },
        "type": "RollingUpdate",
      },
      "template": Object {
        "metadata": Object {
          "labels": Object {
            "name": "penn-clubs-redis",
          },
        },
        "spec": Object {
          "containers": Array [
            Object {
              "image": "redis",
              "name": "worker",
              "ports": Array [
                Object {
                  "containerPort": 6379,
                },
              ],
            },
          ],
        },
      },
    },
  },
  Object {
    "apiVersion": "v1",
    "kind": "Service",
    "metadata": Object {
      "name": "test-chart-penn-clubs-django-wgsi-service-django-wgsi-93922c6f",
    },
    "spec": Object {
      "ports": Array [
        Object {
          "port": 80,
          "targetPort": 80,
        },
      ],
      "selector": Object {
        "name": "penn-clubs-django-wgsi",
      },
      "type": "ClusterIP",
    },
  },
  Object {
    "apiVersion": "apps/v1",
    "kind": "Deployment",
    "metadata": Object {
      "name": "test-cha-penn-clubs-django-wgsi-deployment-django-wgsi-e753a545",
    },
    "spec": Object {
      "replicas": 3,
      "selector": Object {
        "matchLabels": Object {
          "name": "penn-clubs-django-wgsi",
        },
      },
      "strategy": Object {
        "rollingUpdate": Object {
          "maxSurge": 3,
          "maxUnavailable": 0,
        },
        "type": "RollingUpdate",
      },
      "template": Object {
        "metadata": Object {
          "labels": Object {
            "name": "penn-clubs-django-wgsi",
          },
        },
        "spec": Object {
          "containers": Array [
            Object {
              "image": "pennlabs/penn-clubs-backend",
              "name": "worker",
              "ports": Array [
                Object {
                  "containerPort": 80,
                },
              ],
            },
          ],
        },
      },
    },
  },
  Object {
    "apiVersion": "networking.k8s.io/v1beta1",
    "kind": "Ingress",
    "metadata": Object {
      "name": "test-chart-penn-clubs-django-wgsi-ingress-django-wgsi-e17422bd",
    },
    "spec": Object {
      "rules": Array [
        Object {
          "host": "pennclubs.com",
          "http": Object {
            "paths": Array [
              Object {
                "backend": Object {
                  "serviceName": "penn-clubs-django-wgsi",
                  "servicePort": 80,
                },
                "path": "/apis",
              },
            ],
          },
        },
      ],
      "tls": Array [
        Object {
          "hosts": Array [
            "pennclubs.com",
          ],
          "secretName": "pennclubs.com-tls",
        },
      ],
    },
  },
  Object {
    "apiVersion": "cert-manager.io/v1alpha2",
    "kind": "Certificate",
    "metadata": Object {
      "name": "test-ch-penn-clubs-django-wgsi-certificate-django-wgsi-cfcf92a3",
    },
    "spec": Object {
      "dnsNames": Array [
        "",
      ],
      "issuerRef": Object {
        "group": "cert-manager.io",
        "kind": "ClusterIssuer",
        "name": "wildcard-letsencrypt-prod",
      },
      "secretName": "abc-tls",
    },
  },
  Object {
    "apiVersion": "batch/v1beta1",
    "kind": "CronJob",
    "metadata": Object {
      "name": "test-chart-penn-clubs-rank-clubs-cronjob-rank-clubs-6e6eb51f",
    },
    "spec": Object {
      "failedJobsHistoryLimit": 1,
      "jobTemplate": Object {},
      "schedule": "0 8 * * *",
      "successfulJobsHistoryLimit": 1,
    },
  },
  Object {
    "apiVersion": "batch/v1beta1",
    "kind": "CronJob",
    "metadata": Object {
      "name": "penn-clubs-daily-notificat-cronjob-daily-notifications-dafff798",
    },
    "spec": Object {
      "failedJobsHistoryLimit": 1,
      "jobTemplate": Object {},
      "schedule": "0 13 * * *",
      "successfulJobsHistoryLimit": 1,
    },
  },
]
`;
